// Jest Snapshot v1, https://goo.gl/fbAQLP

exports[`Header initial component should match snapshot 1`] = `<DocumentFragment />`;
