// Jest Snapshot v1, https://goo.gl/fbAQLP

exports[`PrimaryButton initial component should match snapshot 1`] = `
<DocumentFragment>
  <button
    class="sc-bdvvtL kvGkJb"
  />
</DocumentFragment>
`;
